[mop-shoot.tauri.hu/index.html]
[backblue.gif]
[fade.gif]
[index.html]
[mop-shoot.tauri.hu/index.html]
[mop-shoot.tauri.hu/templates/wowhead/images/favicon.ico]
[mop-shoot.tauri.hu/templates/wowhead/js/jquery-2.1.036ef.js]
[mop-shoot.tauri.hu/templates/wowhead/js/jquery-ui36ef.js]
[mop-shoot.tauri.hu/templates/wowhead/js/locale_enusd468.js]
[mop-shoot.tauri.hu/templates/wowhead/images/rss.gif]
[mop-shoot.tauri.hu/templates/wowhead/js/globalb944.js]
[mop-shoot.tauri.hu/templates/wowhead/js/Markup4cd7.js]
[mop-shoot.tauri.hu/templates/wowhead/images/logos/medium.gif]
[mop-shoot.tauri.hu/templates/wowhead/images/sockets/small/socket_background.jpg]
[mop-shoot.tauri.hu/templates/wowhead/images/sockets/medium/socket_background.jpg]
[mop-shoot.tauri.hu/templates/wowhead/images/sockets/small/socket_anim_meta.gif]
[mop-shoot.tauri.hu/templates/wowhead/images/sockets/small/socket_anim_yellow.gif]
[mop-shoot.tauri.hu/templates/wowhead/images/sockets/small/socket_anim_red.gif]
[mop-shoot.tauri.hu/templates/wowhead/images/logo_new_big_valentine_bg.png]
[mop-shoot.tauri.hu/templates/wowhead/images/sockets/small/socket_anim_blue.gif]
[mop-shoot.tauri.hu/templates/wowhead/images/sockets/small/socket_anim_prismatic.gif]
[mop-shoot.tauri.hu/templates/wowhead/images/sockets/medium/socket_anim_meta.gif]
[mop-shoot.tauri.hu/templates/wowhead/images/sockets/medium/socket_anim_yellow.gif]
[mop-shoot.tauri.hu/templates/wowhead/images/sockets/medium/socket_anim_red.gif]
[mop-shoot.tauri.hu/index59ab.html]
[mop-shoot.tauri.hu/indexac0d.html]
[mop-shoot.tauri.hu/index7e94.html]
[mop-shoot.tauri.hu/templates/wowhead/images/sockets/medium/socket_anim_blue.3c.delayed]
[mop-shoot.tauri.hu/index4c08.html]
[mop-shoot.tauri.hu/templates/wowhead/images/sockets/medium/socket_anim_prismatic.gif]
[mop-shoot.tauri.hu/templates/wowhead/images/sockets/small/socket_meta1.png]
[mop-shoot.tauri.hu/templates/wowhead/images/bc_icon.gif]
[mop-shoot.tauri.hu/templates/wowhead/images/sockets/small/socket_meta0.png]
[mop-shoot.tauri.hu/templates/wowhead/images/sockets/small/socket_red1.png]
[mop-shoot.tauri.hu/templates/wowhead/images/wotlk.gif]
[mop-shoot.tauri.hu/templates/wowhead/images/sockets/small/socket_red0.png]
[mop-shoot.tauri.hu/templates/wowhead/images/cata.gif]
[mop-shoot.tauri.hu/templates/wowhead/images/mop.png]
[mop-shoot.tauri.hu/templates/wowhead/images/alliance.png]
[mop-shoot.tauri.hu/templates/wowhead/images/sockets/small/socket_yellow1.png]
[mop-shoot.tauri.hu/templates/wowhead/images/alliance-icon.gif]
[mop-shoot.tauri.hu/templates/wowhead/images/sockets/small/socket_yellow0.png]
[mop-shoot.tauri.hu/templates/wowhead/images/sockets/small/socket_blue1.png]
[mop-shoot.tauri.hu/templates/wowhead/images/sockets/small/socket_blue0.png]
[mop-shoot.tauri.hu/templates/wowhead/images/sockets/small/socket_prismatic1.png]
[mop-shoot.tauri.hu/templates/wowhead/images/sockets/small/socket_prismatic0.png]
[mop-shoot.tauri.hu/templates/wowhead/images/horde.png]
[mop-shoot.tauri.hu/templates/wowhead/images/sockets/medium/socket_meta1.png]
[mop-shoot.tauri.hu/templates/wowhead/images/sockets/medium/socket_meta0.png]
[mop-shoot.tauri.hu/templates/wowhead/images/sockets/medium/socket_red1.png]
[mop-shoot.tauri.hu/templates/wowhead/images/sockets/medium/socket_red0.png]
[mop-shoot.tauri.hu/templates/wowhead/images/money_ffa.gif]
[mop-shoot.tauri.hu/templates/wowhead/images/sockets/medium/socket_yellow1.png]
[mop-shoot.tauri.hu/templates/wowhead/images/sockets/medium/socket_yellow0.png]
[mop-shoot.tauri.hu/templates/wowhead/images/sockets/medium/socket_blue1.png]
[mop-shoot.tauri.hu/templates/wowhead/images/sockets/medium/socket_blue0.png]
[mop-shoot.tauri.hu/templates/wowhead/images/instance-icons.gif]
[mop-shoot.tauri.hu/templates/wowhead/images/sockets/medium/socket_prismatic1.png]
[mop-shoot.tauri.hu/templates/wowhead/images/sockets/medium/socket_prismatic0.png]
[mop-shoot.tauri.hu/templates/wowhead/images/heroic.gif]
[mop-shoot.tauri.hu/templates/wowhead/images/icon_hilite_large.png]
[mop-shoot.tauri.hu/templates/wowhead/images/sockets/small/icon_hilite_socket1.png]
[mop-shoot.tauri.hu/templates/wowhead/images/logo_new_big.png]
[mop-shoot.tauri.hu/templates/wowhead/images/sockets/small/icon_hilite_socket0.png]
[mop-shoot.tauri.hu/templates/wowhead/images/logo_new_big_xmas.png]
[mop-shoot.tauri.hu/templates/wowhead/images/logo_new_small.png]
[mop-shoot.tauri.hu/templates/wowhead/images/logo_new_small_xmas.png]
[mop-shoot.tauri.hu/templates/wowhead/images/logo_new_small_valentine.png]
[mop-shoot.tauri.hu/templates/wowhead/images/header-tabs.gif]
[mop-shoot.tauri.hu/templates/wowhead/images/header-lines.gif]
[mop-shoot.tauri.hu/templates/wowhead/images/sockets/medium/icon_hilite_socket1.59.delayed]
[mop-shoot.tauri.hu/templates/wowhead/images/language.gif]
[mop-shoot.tauri.hu/templates/wowhead/images/expandsite.gif]
[mop-shoot.tauri.hu/templates/wowhead/images/sockets/medium/icon_hilite_socket0.png]
[mop-shoot.tauri.hu/templates/wowhead/images/icon_border_medium_gold.png]
[mop-shoot.tauri.hu/templates/wowhead/images/search.gif]
[mop-shoot.tauri.hu/templates/wowhead/images/listview-withselected.gif]
[mop-shoot.tauri.hu/images/blog/textarea-disabled.png]
[mop-shoot.tauri.hu/templates/wowhead/images/favicon.gif]
[mop-shoot.tauri.hu/templates/wowhead/images/pet/zoom2.gif]
[mop-shoot.tauri.hu/templates/wowhead/images/arrow-right.gif]
[mop-shoot.tauri.hu/templates/wowhead/images/forums/pages.gif]
[mop-shoot.tauri.hu/templates/wowhead/css/global4cd7.css]
[mop-shoot.tauri.hu/templates/wowhead/images/enus/modelviewer-picshures.gif]
[mop-shoot.tauri.hu/templates/wowhead/images/menu_check.gif]
[mop-shoot.tauri.hu/templates/wowhead/css/locale_enus5bf0.css]
[mop-shoot.tauri.hu/templates/wowhead/images/menu_arrow.gif]
[mop-shoot.tauri.hu/templates/wowhead/images/menu_arrowd.gif]
[mop-shoot.tauri.hu/templates/wowhead/images/tab_tr.gif]
[mop-shoot.tauri.hu/templates/wowhead/images/tab_tl.gif]
[mop-shoot.tauri.hu/templates/wowhead/css/main2b68.css]
[mop-shoot.tauri.hu/templates/wowhead/images/money_gold.gif]
[mop-shoot.tauri.hu/templates/wowhead/images/money_silver.gif]
[mop-shoot.tauri.hu/]
[mop-shoot.tauri.hu/index59ab.html]
[mop-shoot.tauri.hu/indexac0d.html]
[mop-shoot.tauri.hu/index4c08.html]
[mop-shoot.tauri.hu/templates/wowhead/images/money_copper.gif]
[mop-shoot.tauri.hu/templates/wowhead/images/money_alliance.gif]
[mop-shoot.tauri.hu/templates/wowhead/images/money_horde.gif]
[mop-shoot.tauri.hu/index7e94.html]
[mop-shoot.tauri.hu/templates/wowhead/images/money_arena.gif]
[mop-shoot.tauri.hu/index4ec4.html]
[mop-shoot.tauri.hu/templates/wowhead/images/money_achievement.gif]
[mop-shoot.tauri.hu/templates/wowhead/images/socket_red.gif]
[mop-shoot.tauri.hu/templates/wowhead/images/socket_meta.gif]
[mop-shoot.tauri.hu/templates/wowhead/images/socket_yellow.gif]
[mop-shoot.tauri.hu/templates/wowhead/images/rss.html]
[mop-shoot.tauri.hu/templates/wowhead/images/socket_blue.gif]
[mop-shoot.tauri.hu/templates/wowhead/images/icon_border_small.png]
[mop-shoot.tauri.hu/templates/wowhead/images/icon_border_large.png]
[mop-shoot.tauri.hu/templates/wowhead/images/logos/medium.html]
[mop-shoot.tauri.hu/templates/wowhead/images/icon_hilite_small.png]
[mop-shoot.tauri.hu/templates/wowhead/images/icon_hilite_medium_new.png]
[mop-shoot.tauri.hu/templates/wowhead/images/sockets/small/socket_background.html]
[mop-shoot.tauri.hu/templates/wowhead/images/tooltip.png]
[mop-shoot.tauri.hu/templates/wowhead/images/socket_prismatic.gif]
[mop-shoot.tauri.hu/templates/wowhead/images/sockets/medium/socket_background.html]
[mop-shoot.tauri.hu/templates/wowhead/images/socket_cogwheel.gif]
[mop-shoot.tauri.hu/templates/wowhead/images/sockets/small/socket_anim_meta.html]
[mop-shoot.tauri.hu/templates/wowhead/images/socket_shatouched.gif]
[mop-shoot.tauri.hu/templates/wowhead/images/search2.gif]
[mop-shoot.tauri.hu/templates/wowhead/images/sockets/small/socket_anim_yellow.html]
[mop-shoot.tauri.hu/templates/wowhead/images/search4.gif]
[mop-shoot.tauri.hu/templates/wowhead/images/sockets/small/socket_anim_red.html]
[mop-shoot.tauri.hu/templates/wowhead/images/sort_asc.gif]
[mop-shoot.tauri.hu/templates/wowhead/images/sockets/small/socket_anim_blue.html]
[mop-shoot.tauri.hu/templates/wowhead/images/sort_desc.gif]
[mop-shoot.tauri.hu/templates/wowhead/images/icon16-article.gif]
[mop-shoot.tauri.hu/templates/wowhead/images/search-arrow.gif]
[mop-shoot.tauri.hu/templates/wowhead/images/sockets/small/socket_anim_prismatic.html]
[mop-shoot.tauri.hu/templates/wowhead/images/horde-icon.gif]
[mop-shoot.tauri.hu/templates/wowhead/images/sockets/medium/socket_anim_meta.html]
[mop-shoot.tauri.hu/templates/wowhead/images/disclosure_arrow.gif]
[mop-shoot.tauri.hu/templates/wowhead/images/corners.png]
[mop-shoot.tauri.hu/templates/wowhead/images/sockets/medium/socket_anim_yellow.html]
[mop-shoot.tauri.hu/templates/wowhead/images/toolbar.png]
[mop-shoot.tauri.hu/templates/wowhead/images/sockets/medium/socket_anim_red.html]
[mop-shoot.tauri.hu/templates/wowhead/images/menu_shadow.png]
[mop-shoot.tauri.hu/templates/wowhead/images/sockets/medium/socket_anim_blue.html]
[mop-shoot.tauri.hu/templates/wowhead/images/check.gif]
[mop-shoot.tauri.hu/templates/wowhead/images/sockets/medium/socket_anim_prismatic.html]
[mop-shoot.tauri.hu/templates/wowhead/images/icon_border_medium.png]
[mop-shoot.tauri.hu/templates/wowhead/images/sockets/small/socket_meta1.html]
[mop-shoot.tauri.hu/images/modelviewer/bg-280.jpg]
[mop-shoot.tauri.hu/templates/wowhead/images/sockets/small/socket_meta0.html]
[mop-shoot.tauri.hu/images/modelviewer/canvas-loader-bright.gif]
[mop-shoot.tauri.hu/templates/wowhead/images/sockets/small/socket_red1.html]
[mop-shoot.tauri.hu/images/modelviewer/zoom.gif]
[mop-shoot.tauri.hu/templates/wowhead/images/sockets/small/socket_red0.html]
[mop-shoot.tauri.hu/images/modelviewer/grab.cur]
[mop-shoot.tauri.hu/templates/wowhead/images/sockets/small/socket_yellow1.html]
[mop-shoot.tauri.hu/images/modelviewer/grabbing.cur]
[mop-shoot.tauri.hu/templates/wowhead/images/sockets/small/socket_yellow0.html]
[mop-shoot.tauri.hu/images/modelviewer/error.gif]
[mop-shoot.tauri.hu/templates/wowhead/images/sockets/small/socket_blue1.html]
[mop-shoot.tauri.hu/images/modelviewer/button.gif]
[mop-shoot.tauri.hu/templates/wowhead/images/sockets/small/socket_blue0.html]
[mop-shoot.tauri.hu/templates/wowhead/fonts/fontawesome-webfont3295.eot]
[mop-shoot.tauri.hu/templates/wowhead/images/sockets/small/socket_prismatic1.html]
[mop-shoot.tauri.hu/templates/wowhead/fonts/fontawesome-webfontd41d.eot]
[mop-shoot.tauri.hu/templates/wowhead/images/sockets/small/socket_prismatic0.html]
[mop-shoot.tauri.hu/templates/wowhead/fonts/fontawesome-webfont3295.woff2]
[mop-shoot.tauri.hu/templates/wowhead/images/sockets/medium/socket_meta1.html]
[mop-shoot.tauri.hu/templates/wowhead/fonts/fontawesome-webfont3295.woff]
[mop-shoot.tauri.hu/templates/wowhead/images/sockets/medium/socket_meta0.html]
[mop-shoot.tauri.hu/templates/wowhead/fonts/fontawesome-webfont3295.ttf]
[mop-shoot.tauri.hu/templates/wowhead/images/sockets/medium/socket_red1.html]
[mop-shoot.tauri.hu/templates/wowhead/images/sockets/medium/socket_red0.html]
[mop-shoot.tauri.hu/images/pets/types-tinyc4ca.png]
[mop-shoot.tauri.hu/templates/wowhead/images/sockets/medium/socket_yellow1.html]
[mop-shoot.tauri.hu/images/pets/stat-health.png]
[mop-shoot.tauri.hu/templates/wowhead/images/sockets/medium/socket_yellow0.html]
[mop-shoot.tauri.hu/images/pets/stat-power.png]
[mop-shoot.tauri.hu/templates/wowhead/images/sockets/medium/socket_blue1.html]
[mop-shoot.tauri.hu/images/pets/stat-speedc4ca.png]
[mop-shoot.tauri.hu/templates/wowhead/images/sockets/medium/socket_blue0.html]
[mop-shoot.tauri.hu/images/pets/stat-speed.png]
[mop-shoot.tauri.hu/templates/wowhead/images/sockets/medium/socket_prismatic1.html]
[mop-shoot.tauri.hu/images/slider/slider.gif]
[mop-shoot.tauri.hu/templates/wowhead/images/sockets/medium/socket_prismatic0.html]
[mop-shoot.tauri.hu/images/pets/types/aquatic.png]
[mop-shoot.tauri.hu/templates/wowhead/images/icon_hilite_large.html]
[mop-shoot.tauri.hu/images/pets/types/beast.png]
[mop-shoot.tauri.hu/templates/wowhead/images/sockets/small/icon_hilite_socket1.html]
[mop-shoot.tauri.hu/images/pets/types/critter.png]
[mop-shoot.tauri.hu/templates/wowhead/images/sockets/small/icon_hilite_socket0.html]
[mop-shoot.tauri.hu/images/pets/types/dragonkin.png]
[mop-shoot.tauri.hu/templates/wowhead/images/sockets/medium/icon_hilite_socket1.html]
[mop-shoot.tauri.hu/images/pets/types/elemental.png]
[mop-shoot.tauri.hu/templates/wowhead/images/sockets/medium/icon_hilite_socket0.html]
[mop-shoot.tauri.hu/images/pets/types/flying.png]
[mop-shoot.tauri.hu/templates/wowhead/images/icon_border_medium_gold.html]
[mop-shoot.tauri.hu/images/pets/types/humanoid.png]
[mop-shoot.tauri.hu/templates/wowhead/images/listview-withselected.html]
[mop-shoot.tauri.hu/images/pets/types/mechanical.png]
[mop-shoot.tauri.hu/images/blog/textarea-disabled.html]
[mop-shoot.tauri.hu/images/pets/types/magic.png]
[mop-shoot.tauri.hu/templates/wowhead/images/pet/zoom2.html]
[mop-shoot.tauri.hu/images/pets/types/undead.png]
[mop-shoot.tauri.hu/templates/wowhead/images/forums/pages.html]
[mop-shoot.tauri.hu/images/pets/types/trainer.png]
[mop-shoot.tauri.hu/templates/wowhead/fonts/fontawesome-webfont3295.svg]
[mop-shoot.tauri.hu/images/pets/battlepetstrongweak.png]
[mop-shoot.tauri.hu/images/tooltip/tooltip.png]
[mop-shoot.tauri.hu/images/tooltip/default.png]
[mop-shoot.tauri.hu/images/pets/types-medium.png]
[mop-shoot.tauri.hu/images/pets/abilityconnector.gif]
[mop-shoot.tauri.hu/images/icons/border_gold.png]
[mop-shoot.tauri.hu/templates/wowhead/images/enus/searchdatabase.gif]
[mop-shoot.tauri.hu/templates/wowhead/images/enus/screenshotviewer-picshuresc81e.gif]
[mop-shoot.tauri.hu/templates/wowhead/images/enus/modelviewer-picshures.html]
[mop-shoot.tauri.hu/templates/wowhead/images/panda.png]
[mop-shoot.tauri.hu/templates/wowhead/images/bg2.jpg]
[mop-shoot.tauri.hu/templates/wowhead/images/search5.gif]
[mop-shoot.tauri.hu/.html]
[mop-shoot.tauri.hu/indexda96.html]
[mop-shoot.tauri.hu/templates/wowhead/css/Mapper569a.css]
[mop-shoot.tauri.hu/templates/wowhead/js/Mapper7f73.js]
[mop-shoot.tauri.hu/templates/wowhead/js/maps5554.js]
[mop-shoot.tauri.hu/templates/wowhead/images/map-pin-yellow.png]
[mop-shoot.tauri.hu/templates/wowhead/images/map-pin-green.png]
[mop-shoot.tauri.hu/templates/wowhead/images/map-pin-red.png]
[mop-shoot.tauri.hu/templates/wowhead/images/map-pin-blue.png]
[mop-shoot.tauri.hu/templates/wowhead/images/map-pin-purple.png]
[mop-shoot.tauri.hu/templates/wowhead/images/map-pin-gray.png]
[mop-shoot.tauri.hu/images/icons/dialog_icons.gif]
